<html>
<body>
<pre>
<h1>µVision Build Log</h1>
<h2>Project:</h2>
D:\Study\ASM\Lab.uvproj
Project File Date:  10/11/2021

<h2>Output:</h2>
Build target 'Target 1'
assembling lab8_bai3.s...
Lab8\lab8_bai3.s(61): warning: A1464W: ENDP/ENDFUNC without corresponding PROC/FUNC
Lab8\lab8_bai3.s(101): warning: A1581W: Added 2 bytes of padding at address 0xaa
linking...
.\Lab.sct(8): warning: L6314W: No section matches pattern *(InRoot$$Sections).
Program Size: Code=188 RO-data=44 RW-data=112 ZI-data=0  
".\Lab.axf" - 0 Errors, 3 Warning(s).
