<html>
<body>
<pre>
<h1>µVision Build Log</h1>
<h2>Project:</h2>
D:\Study\ASM\Lab.uvproj
Project File Date:  10/22/2021

<h2>Output:</h2>
Build target 'Target 1'
assembling 2_8.s...
Lab5\2_8.s(48): warning: A1581W: Added 2 bytes of padding at address 0x4a
linking...
.\Lab.sct(8): warning: L6314W: No section matches pattern *(InRoot$$Sections).
Program Size: Code=84 RO-data=20 RW-data=100 ZI-data=0  
".\Lab.axf" - 0 Errors, 2 Warning(s).
Build target 'Target 1'
assembling 2_8.s...
Lab5\2_8.s(48): warning: A1581W: Added 2 bytes of padding at address 0x4a
linking...
.\Lab.sct(8): warning: L6314W: No section matches pattern *(InRoot$$Sections).
Program Size: Code=84 RO-data=20 RW-data=100 ZI-data=0  
".\Lab.axf" - 0 Errors, 2 Warning(s).
Build target 'Target 1'
assembling 2_8.s...
Lab5\2_8.s(49): warning: A1313W: Missing END directive at end of file
assembling 2_10.s...
Lab6\2_10.s(6): warning: A1581W: Added 2 bytes of padding at address 0x12
linking...
.\Lab.sct(8): warning: L6314W: No section matches pattern *(InRoot$$Sections).
Program Size: Code=48 RO-data=24 RW-data=100 ZI-data=0  
".\Lab.axf" - 0 Errors, 3 Warning(s).
Build target 'Target 1'
assembling 2_10.s...
Lab6\2_10.s(6): warning: A1581W: Added 2 bytes of padding at address 0x12
linking...
.\Lab.sct(8): warning: L6314W: No section matches pattern *(InRoot$$Sections).
Program Size: Code=48 RO-data=24 RW-data=100 ZI-data=0  
".\Lab.axf" - 0 Errors, 2 Warning(s).
Build target 'Target 1'
assembling 2_10.s...
Lab6\2_10.s(6): warning: A1581W: Added 2 bytes of padding at address 0x12
linking...
.\Lab.sct(8): warning: L6314W: No section matches pattern *(InRoot$$Sections).
Program Size: Code=100 RO-data=24 RW-data=100 ZI-data=0  
".\Lab.axf" - 0 Errors, 2 Warning(s).
Build target 'Target 1'
assembling 2_10.s...
Lab6\2_10.s(6): warning: A1581W: Added 2 bytes of padding at address 0x12
linking...
.\Lab.sct(8): warning: L6314W: No section matches pattern *(InRoot$$Sections).
Program Size: Code=100 RO-data=24 RW-data=100 ZI-data=0  
".\Lab.axf" - 0 Errors, 2 Warning(s).
Build target 'Target 1'
assembling 2_10.s...
Lab6\2_10.s(6): warning: A1581W: Added 2 bytes of padding at address 0x12
linking...
.\Lab.sct(8): warning: L6314W: No section matches pattern *(InRoot$$Sections).
Program Size: Code=72 RO-data=24 RW-data=100 ZI-data=0  
".\Lab.axf" - 0 Errors, 2 Warning(s).
Build target 'Target 1'
linking...
.\Lab.sct(8): warning: L6314W: No section matches pattern *(InRoot$$Sections).
Program Size: Code=72 RO-data=24 RW-data=100 ZI-data=0  
".\Lab.axf" - 0 Errors, 1 Warning(s).
Build target 'Target 1'
assembling 2_10.s...
Lab6\2_10.s(6): warning: A1581W: Added 2 bytes of padding at address 0x12
Lab6\2_10.s(57): warning: A1581W: Added 2 bytes of padding at address 0x42
linking...
.\Lab.sct(8): warning: L6314W: No section matches pattern *(InRoot$$Sections).
Program Size: Code=76 RO-data=24 RW-data=100 ZI-data=0  
".\Lab.axf" - 0 Errors, 3 Warning(s).
Build target 'Target 1'
assembling 2_10.s...
Lab6\2_10.s(6): warning: A1581W: Added 2 bytes of padding at address 0x12
linking...
.\Lab.sct(8): warning: L6314W: No section matches pattern *(InRoot$$Sections).
Program Size: Code=72 RO-data=24 RW-data=100 ZI-data=0  
".\Lab.axf" - 0 Errors, 2 Warning(s).
Build target 'Target 1'
assembling 2_10.s...
Lab6\2_10.s(6): warning: A1581W: Added 2 bytes of padding at address 0x12
linking...
.\Lab.sct(8): warning: L6314W: No section matches pattern *(InRoot$$Sections).
Program Size: Code=72 RO-data=24 RW-data=100 ZI-data=0  
".\Lab.axf" - 0 Errors, 2 Warning(s).
Build target 'Target 1'
assembling 2_10.s...
Lab6\2_10.s(6): warning: A1581W: Added 2 bytes of padding at address 0x12
linking...
.\Lab.sct(8): warning: L6314W: No section matches pattern *(InRoot$$Sections).
Program Size: Code=72 RO-data=24 RW-data=100 ZI-data=0  
".\Lab.axf" - 0 Errors, 2 Warning(s).
Build target 'Target 1'
assembling 2_10.s...
Lab6\2_10.s(6): warning: A1581W: Added 2 bytes of padding at address 0x12
linking...
.\Lab.sct(8): warning: L6314W: No section matches pattern *(InRoot$$Sections).
Program Size: Code=72 RO-data=24 RW-data=100 ZI-data=0  
".\Lab.axf" - 0 Errors, 2 Warning(s).
Build target 'Target 1'
assembling 2_10.s...
Lab6\2_10.s(6): warning: A1581W: Added 2 bytes of padding at address 0x12
Lab6\2_10.s(58): warning: A1581W: Added 2 bytes of padding at address 0x42
linking...
.\Lab.sct(8): warning: L6314W: No section matches pattern *(InRoot$$Sections).
Program Size: Code=76 RO-data=24 RW-data=100 ZI-data=0  
".\Lab.axf" - 0 Errors, 3 Warning(s).
Build target 'Target 1'
assembling 2_10.s...
Lab6\2_10.s(6): warning: A1581W: Added 2 bytes of padding at address 0x12
Lab6\2_10.s(58): warning: A1581W: Added 2 bytes of padding at address 0x42
linking...
.\Lab.sct(8): warning: L6314W: No section matches pattern *(InRoot$$Sections).
Program Size: Code=76 RO-data=24 RW-data=100 ZI-data=0  
".\Lab.axf" - 0 Errors, 3 Warning(s).
Build target 'Target 1'
assembling 2_10.s...
Lab6\2_10.s(6): warning: A1581W: Added 2 bytes of padding at address 0x12
linking...
.\Lab.sct(8): warning: L6314W: No section matches pattern *(InRoot$$Sections).
Program Size: Code=76 RO-data=24 RW-data=100 ZI-data=0  
".\Lab.axf" - 0 Errors, 2 Warning(s).
Build target 'Target 1'
assembling 2_10.s...
Lab6\2_10.s(6): warning: A1581W: Added 2 bytes of padding at address 0x12
Lab6\2_10.s(52): warning: A1581W: Added 2 bytes of padding at address 0x36
linking...
.\Lab.sct(8): warning: L6314W: No section matches pattern *(InRoot$$Sections).
Program Size: Code=64 RO-data=24 RW-data=100 ZI-data=0  
".\Lab.axf" - 0 Errors, 3 Warning(s).
Build target 'Target 1'
assembling 2_10.s...
Lab6\2_10.s(6): warning: A1581W: Added 2 bytes of padding at address 0x12
Lab6\2_10.s(51): warning: A1581W: Added 2 bytes of padding at address 0x52
linking...
.\Lab.sct(8): warning: L6314W: No section matches pattern *(InRoot$$Sections).
Program Size: Code=92 RO-data=24 RW-data=100 ZI-data=0  
".\Lab.axf" - 0 Errors, 3 Warning(s).
Build target 'Target 1'
linking...
.\Lab.sct(8): warning: L6314W: No section matches pattern *(InRoot$$Sections).
Program Size: Code=92 RO-data=24 RW-data=100 ZI-data=0  
".\Lab.axf" - 0 Errors, 1 Warning(s).
Build target 'Target 1'
linking...
.\Lab.sct(8): warning: L6314W: No section matches pattern *(InRoot$$Sections).
Program Size: Code=92 RO-data=24 RW-data=100 ZI-data=0  
".\Lab.axf" - 0 Errors, 1 Warning(s).
Build target 'Target 1'
linking...
.\Lab.sct(8): warning: L6314W: No section matches pattern *(InRoot$$Sections).
Program Size: Code=92 RO-data=24 RW-data=100 ZI-data=0  
".\Lab.axf" - 0 Errors, 1 Warning(s).
Build target 'Target 1'
assembling 2_10.s...
Lab6\2_10.s(6): warning: A1581W: Added 2 bytes of padding at address 0x12
Lab6\2_10.s(51): warning: A1581W: Added 2 bytes of padding at address 0x52
linking...
.\Lab.sct(8): warning: L6314W: No section matches pattern *(InRoot$$Sections).
Program Size: Code=92 RO-data=24 RW-data=100 ZI-data=0  
".\Lab.axf" - 0 Errors, 3 Warning(s).
Build target 'Target 1'
assembling 2_10.s...
Lab6\2_10.s(52): warning: A1313W: Missing END directive at end of file
assembling n_m.s...
n_m.s(5): error: A1137E: Unexpected characters at end of line
".\Lab.axf" - 1 Errors, 1 Warning(s).
Target not created
Build target 'Target 1'
assembling n_m.s...
linking...
.\Lab.sct(8): warning: L6314W: No section matches pattern *(InRoot$$Sections).
Program Size: Code=96 RO-data=12 RW-data=100 ZI-data=0  
".\Lab.axf" - 0 Errors, 1 Warning(s).
Clean started: Project: 'Lab'
   deleting intermediate output files for target 'Target 1'
Build target 'Target 1'
assembling bai1.s...
Lab 1\bai1.s(24): warning: A1313W: Missing END directive at end of file
assembling bai2.s...
Lab 1\bai2.s(33): warning: A1313W: Missing END directive at end of file
assembling bai3.s...
Lab 1\bai3.s(24): warning: A1313W: Missing END directive at end of file
assembling bai4.s...
Lab 1\bai4.s(24): warning: A1313W: Missing END directive at end of file
assembling bai5.s...
Lab 1\bai5.s(26): warning: A1313W: Missing END directive at end of file
assembling bai6.s...
Lab 1\bai6.s(40): warning: A1313W: Missing END directive at end of file
assembling bai8.s...
Lab 1\bai8.s(45): warning: A1313W: Missing END directive at end of file
assembling bai7.s...
Lab 1\bai7.s(43): warning: A1313W: Missing END directive at end of file
assembling lab2_khung.s...
Lab2\lab2_khung.s(27): warning: A1313W: Missing END directive at end of file
assembling lab2_bai1.s...
Lab2\lab2_bai1.s(29): warning: A1313W: Missing END directive at end of file
assembling lab2_bai2.s...
Lab2\lab2_bai2.s(43): warning: A1313W: Missing END directive at end of file
assembling lab2_bai3.s...
Lab2\lab2_bai3.s(40): warning: A1313W: Missing END directive at end of file
assembling lab2_bai4.s...
Lab2\lab2_bai4.s(32): warning: A1313W: Missing END directive at end of file
assembling lab2_bai5.s...
Lab2\lab2_bai5.s(43): warning: A1313W: Missing END directive at end of file
assembling lab2_bai6.s...
Lab2\lab2_bai6.s(81): warning: A1313W: Missing END directive at end of file
assembling lab2_bai7.s...
Lab2\lab2_bai7.s(48): warning: A1313W: Missing END directive at end of file
assembling lab2_bai8.s...
Lab2\lab2_bai8.s(53): warning: A1313W: Missing END directive at end of file
assembling lab3_bai1a.s...
Lab3\lab3_bai1a.s(28): warning: A1313W: Missing END directive at end of file
assembling lab3_bai1b.s...
Lab3\lab3_bai1b.s(38): warning: A1313W: Missing END directive at end of file
assembling lab3_bai1c.s...
Lab3\lab3_bai1c.s(28): warning: A1313W: Missing END directive at end of file
assembling lab3_bai1d.s...
Lab3\lab3_bai1d.s(30): warning: A1313W: Missing END directive at end of file
assembling lab3_bai1e.s...
Lab3\lab3_bai1e.s(32): warning: A1313W: Missing END directive at end of file
assembling lab3_bai1f.s...
Lab3\lab3_bai1f.s(42): warning: A1313W: Missing END directive at end of file
assembling lab3_bai1g.s...
Lab3\lab3_bai1g.s(41): warning: A1313W: Missing END directive at end of file
assembling lab3_bai1h.s...
Lab3\lab3_bai1h.s(47): warning: A1313W: Missing END directive at end of file
assembling lab3_bai2a.s...
Lab3\lab3_bai2a.s(33): warning: A1313W: Missing END directive at end of file
assembling lab3_bai2b.s...
Lab3\lab3_bai2b.s(35): warning: A1313W: Missing END directive at end of file
assembling lab3_bai2c.s...
Lab3\lab3_bai2c.s(32): warning: A1313W: Missing END directive at end of file
assembling lab3_bai2d.s...
Lab3\lab3_bai2d.s(34): warning: A1313W: Missing END directive at end of file
assembling lab3_bai2e.s...
Lab3\lab3_bai2e.s(36): warning: A1313W: Missing END directive at end of file
assembling lab3_bai2f.s...
Lab3\lab3_bai2f.s(45): warning: A1313W: Missing END directive at end of file
assembling lab3_bai2g.s...
Lab3\lab3_bai2g.s(48): warning: A1313W: Missing END directive at end of file
assembling lab3_bai2h.s...
Lab3\lab3_bai2h.s(59): warning: A1313W: Missing END directive at end of file
assembling lab3_bai3.s...
Lab3\lab3_bai3.s(44): warning: A1313W: Missing END directive at end of file
assembling 2_8.s...
Lab5\2_8.s(49): warning: A1313W: Missing END directive at end of file
assembling 2_10.s...
Lab6\2_10.s(52): warning: A1313W: Missing END directive at end of file
assembling 16_2.s...
Lab5\16_2.s(60): warning: A1313W: Missing END directive at end of file
assembling 16_8.s...
Lab5\16_8.s(50): warning: A1313W: Missing END directive at end of file
assembling lab5_bai2.s...
Lab5\lab5_bai2.s(29): warning: A1313W: Missing END directive at end of file
assembling lab5_bai3.s...
Lab5\lab5_bai3.s(90): warning: A1313W: Missing END directive at end of file
assembling lab5_bai4.s...
Lab5\lab5_bai4.s(70): warning: A1313W: Missing END directive at end of file
assembling n_m.s...
Lab5\n_m.s(57): warning: A1313W: Missing END directive at end of file
assembling lab6_bai1.s...
Lab6\lab6_bai1.s(41): warning: A1313W: Missing END directive at end of file
assembling lab6_bai2.s...
Lab6\lab6_bai2.s(23): warning: A1313W: Missing END directive at end of file
assembling lab6_bai3.s...
Lab6\lab6_bai3.s(30): warning: A1313W: Missing END directive at end of file
assembling lab6_bai3b.s...
Lab6\lab6_bai3b.s(37): warning: A1313W: Missing END directive at end of file
assembling lab6_bai4.s...
Lab6\lab6_bai4.s(55): warning: A1313W: Missing END directive at end of file
assembling lab6_bai5.s...
Lab6\lab6_bai5.s(34): warning: A1313W: Missing END directive at end of file
assembling lab7_bai1.s...
Lab7\lab7_bai1.s(34): warning: A1313W: Missing END directive at end of file
assembling lab7_bai2.s...
Lab7\lab7_bai2.s(57): warning: A1313W: Missing END directive at end of file
assembling lab7_bai3.s...
Lab7\lab7_bai3.s(53): warning: A1313W: Missing END directive at end of file
assembling lab8_bai1.s...
Lab8\lab8_bai1.s(49): warning: A1313W: Missing END directive at end of file
assembling lab8_bai2.s...
Lab8\lab8_bai2.s(34): warning: A1313W: Missing END directive at end of file
assembling lab8_bai3.s...
Lab8\lab8_bai3.s(103): warning: A1313W: Missing END directive at end of file
linking...
.\Lab.sct(7): error: L6236E: No section matches selector - no section to be FIRST/LAST.
".\Lab.axf" - 1 Errors, 54 Warning(s).
Target not created
Build target 'Target 1'
assembling n_m.s...
linking...
.\Lab.sct(8): warning: L6314W: No section matches pattern *(InRoot$$Sections).
Program Size: Code=96 RO-data=12 RW-data=100 ZI-data=0  
".\Lab.axf" - 0 Errors, 1 Warning(s).
Build target 'Target 1'
assembling n_m.s...
linking...
.\Lab.sct(8): warning: L6314W: No section matches pattern *(InRoot$$Sections).
Program Size: Code=96 RO-data=16 RW-data=100 ZI-data=0  
".\Lab.axf" - 0 Errors, 1 Warning(s).
Build target 'Target 1'
assembling n_m.s...
linking...
.\Lab.sct(8): warning: L6314W: No section matches pattern *(InRoot$$Sections).
Program Size: Code=96 RO-data=16 RW-data=100 ZI-data=0  
".\Lab.axf" - 0 Errors, 1 Warning(s).
